[2026-08-14 20:37:04] [INFO] گزارش بیمارستان مشاهده شد.
[2026-08-14 20:37:18] [SUCCESS] صورتحساب صادر شد. بیمار: 1 | نوع: ویزیت عادی | مبلغ: 200000.0 تومان | بخش: نامشخص
[2026-08-14 20:37:18] [SUCCESS] تراکنش مالی ثبت شد: صورتحساب: ویزیت عادی - مبلغ: 200000.0 تومان
[2026-08-14 20:38:04] [SUCCESS] بیمار جدید با نام «bahar» ثبت شد.
[2026-08-15 00:23:05] [WARNING] ثبت پرسنل رد شد: نام خالی است.
[2026-08-15 00:28:46] [SUCCESS] بیمار جدید با نام «davood» ثبت شد.
[2026-08-15 00:28:59] [SUCCESS] بیمار 5 در بخش «جراحی» بستری شد.
[2026-08-15 00:28:59] [SUCCESS] تراکنش مالی ثبت شد: هزینه پذیرش بیمار - مبلغ: 100000.0 تومان
[2026-08-15 00:29:27] [WARNING] ثبت نوبت رد شد: ساعت 7 خارج از شیفت پزشک 1 است.
[2026-08-15 00:29:31] [SUCCESS] نوبت برای بیمار 5 با پزشک 1 در تاریخ 1405-05-16 ساعت 8 ثبت شد.
[2026-08-15 00:29:31] [SUCCESS] تراکنش مالی ثبت شد: هزینه پایه ثبت نوبت - مبلغ: 100000.0 تومان
[2026-08-15 00:29:37] [SUCCESS] ویزیت نوبت شماره 2 انجام و از لیست انتظار حذف شد.
[2026-08-15 00:29:37] [SUCCESS] تراکنش مالی ثبت شد: هزینه ویزیت - مبلغ: 200000.0 تومان
[2026-08-15 00:29:52] [WARNING] تلاش اشتباه برای مرخص کردن بیمار 2 از بخش 2
[2026-08-15 00:29:58] [WARNING] تلاش اشتباه برای مرخص کردن بیمار 5 از بخش 2
[2026-08-15 00:30:02] [WARNING] تلاش اشتباه برای مرخص کردن بیمار 5 از بخش 1
[2026-08-15 00:30:05] [SUCCESS] بیمار 5 از بخش «جراحی» مرخص شد.
[2026-08-15 00:30:09] [INFO] گزارش بیمارستان مشاهده شد.
[2026-08-15 00:30:19] [SUCCESS] صورتحساب صادر شد. بیمار: 5 | نوع: ویزیت عادی | مبلغ: 200000.0 تومان | بخش: نامشخص
[2026-08-15 00:30:19] [SUCCESS] تراکنش مالی ثبت شد: صورتحساب: ویزیت عادی - مبلغ: 200000.0 تومان
[2026-08-15 00:30:21] [SUCCESS] صورتحساب صادر شد. بیمار: 5 | نوع: جراحی | مبلغ: 1000000.0 تومان | بخش: نامشخص
[2026-08-15 00:30:21] [SUCCESS] تراکنش مالی ثبت شد: صورتحساب: جراحی - مبلغ: 1000000.0 تومان
[2026-08-15 00:30:23] [SUCCESS] صورتحساب صادر شد. بیمار: 5 | نوع: ویزیت اورژانسی | مبلغ: 500000.0 تومان | بخش: نامشخص
[2026-08-15 00:30:23] [SUCCESS] تراکنش مالی ثبت شد: صورتحساب: ویزیت اورژانسی - مبلغ: 500000.0 تومان
[2026-08-15 00:30:29] [SUCCESS] صورتحساب صادر شد. بیمار: 5 | نوع: ویزیت اورژانسی | مبلغ: 500000.0 تومان | بخش: نامشخص
[2026-08-15 00:30:29] [SUCCESS] تراکنش مالی ثبت شد: صورتحساب: ویزیت اورژانسی - مبلغ: 500000.0 تومان
[2026-08-15 00:30:29] [WARNING] حالت اورژانس فعال شد. تعداد بیماران اورژانسی فعال: 1
[2026-08-15 00:30:29] [WARNING] بیمار 5 وارد حالت اورژانسی شد.
[2026-08-15 00:30:33] [INFO] سیستم به حالت عادی برگشت. نوبت‌دهی عادی از سر گرفته شد.
[2026-08-15 00:30:33] [SUCCESS] وضعیت اورژانسی بیمار 5 پایان یافت.
[2026-08-15 00:30:39] [SUCCESS] بخش جدید «2» با ظرفیت 2 ثبت شد.
[2026-08-15 00:30:59] [SUCCESS] بخش جدید «پاتولوژی» با ظرفیت 5 ثبت شد.
[2026-08-15 00:31:26] [SUCCESS] پرسنل جدید «Reza» (Zandi) ثبت شد.
[2026-08-15 00:31:35] [INFO] گزارش بیمارستان مشاهده شد.
[2026-08-15 00:31:37] [INFO] گزارش بیمارستان مشاهده شد.
